// Jest Snapshot v1, https://goo.gl/fbAQLP

exports[`literal invalid 1`] = `"cannot decode \\"D\\", should be \\"A\\" | \\"B\\" | \\"C\\""`;

exports[`number invalid 1`] = `"cannot decode -5, should be positive"`;

exports[`string invalid 1`] = `"cannot decode \\"lowercase\\", should be capitalized"`;

exports[`type invalid 1`] = `
"required property \\"num\\"
└─ cannot decode -5, should be positive"
`;
